Every shape njutest draws, at every terminal it answers for.
Written by crates/njutest-cli/tests/gallery.rs; UPDATE_GOLDEN=1 rewrites it.

=== a run that found nothing — eighty columns, no colour

  ASSURED   4 killed, 0 survived, 0 unreached   1.9s
  reports/runs/20260101T000000Z-aaaaaa

=== a run that found nothing — forty columns, no colour

  ASSURED   4 killed, 0 survived, 0 unreached   1.9s
  reports/runs/20260101T000000Z-aaaaaa

=== a run that found nothing — eighty columns, colour

  [1;38;5;114mASSURED[0m   [38;5;244m4 killed, 0 survived, 0 unreached   1.9s[0m
  [38;5;244mreports/runs/20260101T000000Z-aaaaaa[0m

=== a run that found nothing — eighty columns, unicode

  ✓ ASSURED   4 killed, 0 survived, 0 unreached   1.9s
  reports/runs/20260101T000000Z-aaaaaa

=== one item, one blind spot — eighty columns, no colour

  --> sign   src/lib.rs:8   1 blind spot
7 | pub fn sign(n: i32) -> &'static str {
8 |     if n > 0 {
  |          ^ > => >=   ran, not noticed
9 |         "positive"
  = njutest explain src/lib.rs:sign:gt-to-ge@8

  INSUFFICIENT   7 killed, 1 survived, 0 unreached   1.9s
  1 gap in 1 file   reports/runs/20260101T000000Z-aaaaaa

=== one item, one blind spot — forty columns, no colour

  --> sign   src/lib.rs:8   1 blind spot
7 | pub fn sign(n: i32) -> &'static str {
8 |     if n > 0 {
  |          ^ > => >=   ran, not
  |            noticed
9 |         "positive"
  = njutest explain src/lib.rs:sign:gt-to-ge@8

  INSUFFICIENT   7 killed, 1 survived, 0 unreached   1.9s
  1 gap in 1 file   reports/runs/20260101T000000Z-aaaaaa

=== one item, one blind spot — eighty columns, colour

  [38;5;244m-->[0m [1;38;5;253msign[0m   [38;5;244m]8;;file://src/lib.rssrc/lib.rs:8]8;;[0m   [1;38;5;214m1 blind spot[0m
[38;5;244m7[0m [38;5;244m|[0m [38;5;176mpub[0m[38;5;250m [0m[38;5;176mfn[0m[38;5;250m [0m[38;5;111msign[0m[38;5;250m([0m[38;5;250mn[0m[38;5;250m: [0m[38;5;250mi32[0m[38;5;250m) -> &[0m[38;5;139m'static[0m[38;5;250m [0m[38;5;250mstr[0m[38;5;250m {[0m
[38;5;244m8[0m [38;5;244m|[0m [38;5;250m    [0m[38;5;176mif[0m[38;5;250m [0m[38;5;250mn[0m[38;5;250m [0m[1;4;38;5;204m>[0m[38;5;250m [0m[38;5;179m0[0m[38;5;250m {[0m
  [38;5;244m|[0m          [1;38;5;214m^[0m [38;5;250m>[0m [1;38;5;214m=>[0m [38;5;250m>=[0m   [1;38;5;214mran, not noticed[0m
[38;5;244m9[0m [38;5;244m|[0m [38;5;250m        [0m[38;5;150m"positive"[0m
  [38;5;244m=[0m [38;5;252mnjutest explain src/lib.rs:sign:gt-to-ge@8[0m

  [1;38;5;214mINSUFFICIENT[0m   [38;5;244m7 killed, 1 survived, 0 unreached   1.9s[0m
  [1;38;5;214m1 gap in 1 file[0m   [38;5;244mreports/runs/20260101T000000Z-aaaaaa[0m

=== one item, one blind spot — eighty columns, unicode

  ╭─ sign   src/lib.rs:8   1 blind spot
7 │ pub fn sign(n: i32) -> &'static str {
8 │     if n > 0 {
  ·          ▲ > ⇢ >=   ran, not noticed
9 │         "positive"
  ╰─ njutest explain src/lib.rs:sign:gt-to-ge@8

  ✗ INSUFFICIENT   7 killed, 1 survived, 0 unreached   1.9s
  1 gap in 1 file   reports/runs/20260101T000000Z-aaaaaa

=== one item, every kind of blindness on it at once — eighty columns, no colour

   --> sign   src/lib.rs:8   3 blind spots
 7 | pub fn sign(n: i32) -> &'static str {
 8 |     if n > 0 {
   |          ^ > => >=   ran, not noticed
 9 |         "positive"
10 |     } else if n < 0 {
   |                 ^ < => <=   never run
11 |         "negative"
12 |     } else {
13 |         "zero"
   |         ^^^^^^ "zero" => Default::default()   timed out
14 |     }
   = njutest explain src/lib.rs:sign:gt-to-ge@8

  INSUFFICIENT   7 killed, 2 survived, 1 unreached   1.9s
  3 gaps in 1 file   reports/runs/20260101T000000Z-aaaaaa

=== one item, every kind of blindness on it at once — forty columns, no colour

   --> sign   src/lib.rs:8   3 blind spots
 7 | pub fn sign(n: i32) -> &'static str {
 8 |     if n > 0 {
   |          ^ > => >=   ran, not
   |            noticed
 9 |         "positive"
10 |     } else if n < 0 {
   |                 ^ < => <=   never
   |                   run
11 |         "negative"
12 |     } else {
13 |         "zero"
   |         ^^^^^^ "zero" =>
   |                Default::default()
   |                timed out
14 |     }
   = njutest explain src/lib.rs:sign:gt-to-ge@8

  INSUFFICIENT   7 killed, 2 survived, 1 unreached   1.9s
  3 gaps in 1 file   reports/runs/20260101T000000Z-aaaaaa

=== one item, every kind of blindness on it at once — eighty columns, colour

   [38;5;244m-->[0m [1;38;5;253msign[0m   [38;5;244m]8;;file://src/lib.rssrc/lib.rs:8]8;;[0m   [1;38;5;214m3 blind spots[0m
[38;5;244m7[0m [38;5;244m|[0m [38;5;176mpub[0m[38;5;250m [0m[38;5;176mfn[0m[38;5;250m [0m[38;5;111msign[0m[38;5;250m([0m[38;5;250mn[0m[38;5;250m: [0m[38;5;250mi32[0m[38;5;250m) -> &[0m[38;5;139m'static[0m[38;5;250m [0m[38;5;250mstr[0m[38;5;250m {[0m
[38;5;244m8[0m [38;5;244m|[0m [38;5;250m    [0m[38;5;176mif[0m[38;5;250m [0m[38;5;250mn[0m[38;5;250m [0m[1;4;38;5;204m>[0m[38;5;250m [0m[38;5;179m0[0m[38;5;250m {[0m
   [38;5;244m|[0m          [1;38;5;214m^[0m [38;5;250m>[0m [1;38;5;214m=>[0m [38;5;250m>=[0m   [1;38;5;214mran, not noticed[0m
[38;5;244m9[0m [38;5;244m|[0m [38;5;250m        [0m[38;5;150m"positive"[0m
[38;5;244m10[0m [38;5;244m|[0m [38;5;250m    } [0m[38;5;176melse[0m[38;5;250m [0m[38;5;176mif[0m[38;5;250m [0m[38;5;250mn[0m[38;5;250m [0m[1;4;38;5;204m<[0m[38;5;250m [0m[38;5;179m0[0m[38;5;250m {[0m
   [38;5;244m|[0m                 [1;38;5;214m^[0m [38;5;250m<[0m [1;38;5;214m=>[0m [38;5;250m<=[0m   [1;38;5;203mnever run[0m
[38;5;244m11[0m [38;5;244m|[0m [38;5;250m        [0m[38;5;150m"negative"[0m
[38;5;244m12[0m [38;5;244m|[0m [38;5;250m    } [0m[38;5;176melse[0m[38;5;250m {[0m
[38;5;244m13[0m [38;5;244m|[0m [38;5;250m        [0m[1;4;38;5;204m"zero"[0m
   [38;5;244m|[0m         [1;38;5;214m^^^^^^[0m [38;5;150m"zero"[0m [1;38;5;214m=>[0m [38;5;79mDefault[0m[38;5;250m::[0m[38;5;111mdefault[0m[38;5;250m()[0m   [38;5;73mtimed out[0m
[38;5;244m14[0m [38;5;244m|[0m [38;5;250m    }[0m
   [38;5;244m=[0m [38;5;252mnjutest explain src/lib.rs:sign:gt-to-ge@8[0m

  [1;38;5;214mINSUFFICIENT[0m   [38;5;244m7 killed, 2 survived, 1 unreached   1.9s[0m
  [1;38;5;214m3 gaps in 1 file[0m   [38;5;244mreports/runs/20260101T000000Z-aaaaaa[0m

=== one item, every kind of blindness on it at once — eighty columns, unicode

   ╭─ sign   src/lib.rs:8   3 blind spots
 7 │ pub fn sign(n: i32) -> &'static str {
 8 │     if n > 0 {
   ·          ▲ > ⇢ >=   ran, not noticed
 9 │         "positive"
10 │     } else if n < 0 {
   ·                 ▲ < ⇢ <=   never run
11 │         "negative"
12 │     } else {
13 │         "zero"
   ·         ▲▲▲▲▲▲ "zero" ⇢ Default::default()   timed out
14 │     }
   ╰─ njutest explain src/lib.rs:sign:gt-to-ge@8

  ✗ INSUFFICIENT   7 killed, 2 survived, 1 unreached   1.9s
  3 gaps in 1 file   reports/runs/20260101T000000Z-aaaaaa

=== two items of one file — eighty columns, no colour

  --> sign   src/lib.rs:8   1 blind spot
7 | pub fn sign(n: i32) -> &'static str {
8 |     if n > 0 {
  |          ^ > => >=   ran, not noticed
9 |         "positive"
  = njutest explain src/lib.rs:sign:gt-to-ge@8

   --> double   src/lib.rs:19   1 blind spot
18 | pub fn double(n: i32) -> i32 {
19 |     n * 2
   |       ^ * => /   ran, not noticed
20 | }
   = njutest explain src/lib.rs:double:mul-to-div@19

  INSUFFICIENT   7 killed, 2 survived, 0 unreached   1.9s
  2 gaps in 1 file   reports/runs/20260101T000000Z-aaaaaa

=== two items of one file — forty columns, no colour

  --> sign   src/lib.rs:8   1 blind spot
7 | pub fn sign(n: i32) -> &'static str {
8 |     if n > 0 {
  |          ^ > => >=   ran, not
  |            noticed
9 |         "positive"
  = njutest explain src/lib.rs:sign:gt-to-ge@8

   --> double   src/lib.rs:19   1 blind spot
18 | pub fn double(n: i32) -> i32 {
19 |     n * 2
   |       ^ * => /   ran, not noticed
20 | }
   = njutest explain src/lib.rs:double:mul-to-div@19

  INSUFFICIENT   7 killed, 2 survived, 0 unreached   1.9s
  2 gaps in 1 file   reports/runs/20260101T000000Z-aaaaaa

=== two items of one file — eighty columns, colour

  [38;5;244m-->[0m [1;38;5;253msign[0m   [38;5;244m]8;;file://src/lib.rssrc/lib.rs:8]8;;[0m   [1;38;5;214m1 blind spot[0m
[38;5;244m7[0m [38;5;244m|[0m [38;5;176mpub[0m[38;5;250m [0m[38;5;176mfn[0m[38;5;250m [0m[38;5;111msign[0m[38;5;250m([0m[38;5;250mn[0m[38;5;250m: [0m[38;5;250mi32[0m[38;5;250m) -> &[0m[38;5;139m'static[0m[38;5;250m [0m[38;5;250mstr[0m[38;5;250m {[0m
[38;5;244m8[0m [38;5;244m|[0m [38;5;250m    [0m[38;5;176mif[0m[38;5;250m [0m[38;5;250mn[0m[38;5;250m [0m[1;4;38;5;204m>[0m[38;5;250m [0m[38;5;179m0[0m[38;5;250m {[0m
  [38;5;244m|[0m          [1;38;5;214m^[0m [38;5;250m>[0m [1;38;5;214m=>[0m [38;5;250m>=[0m   [1;38;5;214mran, not noticed[0m
[38;5;244m9[0m [38;5;244m|[0m [38;5;250m        [0m[38;5;150m"positive"[0m
  [38;5;244m=[0m [38;5;252mnjutest explain src/lib.rs:sign:gt-to-ge@8[0m

   [38;5;244m-->[0m [1;38;5;253mdouble[0m   [38;5;244m]8;;file://src/lib.rssrc/lib.rs:19]8;;[0m   [1;38;5;214m1 blind spot[0m
[38;5;244m18[0m [38;5;244m|[0m [38;5;176mpub[0m[38;5;250m [0m[38;5;176mfn[0m[38;5;250m [0m[38;5;111mdouble[0m[38;5;250m([0m[38;5;250mn[0m[38;5;250m: [0m[38;5;250mi32[0m[38;5;250m) -> [0m[38;5;250mi32[0m[38;5;250m {[0m
[38;5;244m19[0m [38;5;244m|[0m [38;5;250m    [0m[38;5;250mn[0m[38;5;250m [0m[1;4;38;5;204m*[0m[38;5;250m [0m[38;5;179m2[0m
   [38;5;244m|[0m       [1;38;5;214m^[0m [38;5;250m*[0m [1;38;5;214m=>[0m [38;5;250m/[0m   [1;38;5;214mran, not noticed[0m
[38;5;244m20[0m [38;5;244m|[0m [38;5;250m}[0m
   [38;5;244m=[0m [38;5;252mnjutest explain src/lib.rs:double:mul-to-div@19[0m

  [1;38;5;214mINSUFFICIENT[0m   [38;5;244m7 killed, 2 survived, 0 unreached   1.9s[0m
  [1;38;5;214m2 gaps in 1 file[0m   [38;5;244mreports/runs/20260101T000000Z-aaaaaa[0m

=== two items of one file — eighty columns, unicode

  ╭─ sign   src/lib.rs:8   1 blind spot
7 │ pub fn sign(n: i32) -> &'static str {
8 │     if n > 0 {
  ·          ▲ > ⇢ >=   ran, not noticed
9 │         "positive"
  ╰─ njutest explain src/lib.rs:sign:gt-to-ge@8

   ╭─ double   src/lib.rs:19   1 blind spot
18 │ pub fn double(n: i32) -> i32 {
19 │     n * 2
   ·       ▲ * ⇢ /   ran, not noticed
20 │ }
   ╰─ njutest explain src/lib.rs:double:mul-to-div@19

  ✗ INSUFFICIENT   7 killed, 2 survived, 0 unreached   1.9s
  2 gaps in 1 file   reports/runs/20260101T000000Z-aaaaaa

=== a file that moved under the run — eighty columns, no colour

  --> sign   src/lib.rs:8   1 blind spot
  | the file has changed since the run, so the lines are not shown
  = njutest explain src/lib.rs:sign:gt-to-ge@8

  INSUFFICIENT   7 killed, 1 survived, 0 unreached   1.9s
  1 gap in 1 file   reports/runs/20260101T000000Z-aaaaaa

=== a file that moved under the run — forty columns, no colour

  --> sign   src/lib.rs:8   1 blind spot
  | the file has changed since the run, so the lines are not shown
  = njutest explain src/lib.rs:sign:gt-to-ge@8

  INSUFFICIENT   7 killed, 1 survived, 0 unreached   1.9s
  1 gap in 1 file   reports/runs/20260101T000000Z-aaaaaa

=== a file that moved under the run — eighty columns, colour

  [38;5;244m-->[0m [1;38;5;253msign[0m   [38;5;244m]8;;file://src/lib.rssrc/lib.rs:8]8;;[0m   [1;38;5;214m1 blind spot[0m
  [38;5;244m|[0m [38;5;73mthe file has changed since the run, so the lines are not shown[0m
  [38;5;244m=[0m [38;5;252mnjutest explain src/lib.rs:sign:gt-to-ge@8[0m

  [1;38;5;214mINSUFFICIENT[0m   [38;5;244m7 killed, 1 survived, 0 unreached   1.9s[0m
  [1;38;5;214m1 gap in 1 file[0m   [38;5;244mreports/runs/20260101T000000Z-aaaaaa[0m

=== a file that moved under the run — eighty columns, unicode

  ╭─ sign   src/lib.rs:8   1 blind spot
  │ the file has changed since the run, so the lines are not shown
  ╰─ njutest explain src/lib.rs:sign:gt-to-ge@8

  ✗ INSUFFICIENT   7 killed, 1 survived, 0 unreached   1.9s
  1 gap in 1 file   reports/runs/20260101T000000Z-aaaaaa

=== a line whose characters are wider than one byte — eighty columns, no colour

  --> heading   src/lib.rs:3   1 blind spot
2 | pub fn heading(count: usize) -> bool {
3 |     let 見出し = count > 0;
  |                           ^ > => >=   ran, not noticed
4 |     見出し
  = njutest explain src/lib.rs:heading:gt-to-ge@3

  INSUFFICIENT   0 killed, 1 survived, 0 unreached   1.9s
  1 gap in 1 file   reports/runs/20260101T000000Z-aaaaaa

=== a line whose characters are wider than one byte — forty columns, no colour

  --> heading   src/lib.rs:3   1 blind spot
2 | pub fn heading(count: usize) -> bool {
3 |     let 見出し = count > 0;
  |                           ^ > => >=
  |                               ran,
  |                             not
  |                             noticed
4 |     見出し
  = njutest explain src/lib.rs:heading:gt-to-ge@3

  INSUFFICIENT   0 killed, 1 survived, 0 unreached   1.9s
  1 gap in 1 file   reports/runs/20260101T000000Z-aaaaaa

=== a line whose characters are wider than one byte — eighty columns, colour

  [38;5;244m-->[0m [1;38;5;253mheading[0m   [38;5;244m]8;;file://src/lib.rssrc/lib.rs:3]8;;[0m   [1;38;5;214m1 blind spot[0m
[38;5;244m2[0m [38;5;244m|[0m [38;5;176mpub[0m[38;5;250m [0m[38;5;176mfn[0m[38;5;250m [0m[38;5;111mheading[0m[38;5;250m([0m[38;5;250mcount[0m[38;5;250m: [0m[38;5;250musize[0m[38;5;250m) -> [0m[38;5;250mbool[0m[38;5;250m {[0m
[38;5;244m3[0m [38;5;244m|[0m [38;5;250m    [0m[38;5;176mlet[0m[38;5;250m [0m[38;5;250m見出し[0m[38;5;250m = [0m[38;5;250mcount[0m[38;5;250m > [0m[38;5;179m0[0m[1;4;38;5;204m;[0m
  [38;5;244m|[0m                           [1;38;5;214m^[0m [38;5;250m>[0m [1;38;5;214m=>[0m [38;5;250m>=[0m   [1;38;5;214mran, not noticed[0m
[38;5;244m4[0m [38;5;244m|[0m [38;5;250m    [0m[38;5;250m見出し[0m
  [38;5;244m=[0m [38;5;252mnjutest explain src/lib.rs:heading:gt-to-ge@3[0m

  [1;38;5;214mINSUFFICIENT[0m   [38;5;244m0 killed, 1 survived, 0 unreached   1.9s[0m
  [1;38;5;214m1 gap in 1 file[0m   [38;5;244mreports/runs/20260101T000000Z-aaaaaa[0m

=== a line whose characters are wider than one byte — eighty columns, unicode

  ╭─ heading   src/lib.rs:3   1 blind spot
2 │ pub fn heading(count: usize) -> bool {
3 │     let 見出し = count > 0;
  ·                           ▲ > ⇢ >=   ran, not noticed
4 │     見出し
  ╰─ njutest explain src/lib.rs:heading:gt-to-ge@3

  ✗ INSUFFICIENT   0 killed, 1 survived, 0 unreached   1.9s
  1 gap in 1 file   reports/runs/20260101T000000Z-aaaaaa

=== what a run could not establish, which is not what it found — eighty columns, no colour

  | git-metadata-unavailable git could not be asked, so the run cannot name the
    commit it verified
  | skipped-test-code 1 place was not mutated: test-code

  ASSURED   4 killed, 0 survived, 0 unreached   1.9s
  reports/runs/20260101T000000Z-aaaaaa

=== what a run could not establish, which is not what it found — forty columns, no colour

  | git-metadata-unavailable git could
    not be asked, so the run cannot name
    the commit it verified
  | skipped-test-code 1 place was not
    mutated: test-code

  ASSURED   4 killed, 0 survived, 0 unreached   1.9s
  reports/runs/20260101T000000Z-aaaaaa

=== what a run could not establish, which is not what it found — eighty columns, colour

  [38;5;244m|[0m [38;5;73mgit-metadata-unavailable[0m [38;5;244mgit could not be asked, so the run cannot name the
    commit it verified[0m
  [38;5;244m|[0m [38;5;73mskipped-test-code[0m [38;5;244m1 place was not mutated: test-code[0m

  [1;38;5;114mASSURED[0m   [38;5;244m4 killed, 0 survived, 0 unreached   1.9s[0m
  [38;5;244mreports/runs/20260101T000000Z-aaaaaa[0m

=== what a run could not establish, which is not what it found — eighty columns, unicode

  · git-metadata-unavailable git could not be asked, so the run cannot name the
    commit it verified
  · skipped-test-code 1 place was not mutated: test-code

  ✓ ASSURED   4 killed, 0 survived, 0 unreached   1.9s
  reports/runs/20260101T000000Z-aaaaaa

=== a run that could not proceed — eighty columns, no colour

refused[NJ5001]: the workspace does not compile before anything is instrumented
  --> src/lib.rs:4:5
  |
4 |     undefined_function();
  |     ^^^^^^^^^^^^^^^^^^ cannot find function `undefined_function` in this
  |                        scope
  = a run measures a suite that passes, so there is nothing here to measure
  = see it yourself  cargo test --workspace --no-run

  ERROR   0 killed, 0 survived, 0 unreached   1.9s
  reports/runs/20260101T000000Z-aaaaaa

=== a run that could not proceed — forty columns, no colour

refused[NJ5001]: the workspace does not compile before anything is instrumented
  --> src/lib.rs:4:5
  |
4 |     undefined_function();
  |     ^^^^^^^^^^^^^^^^^^ cannot find
  |                        function
  |                        `undefined_function`
  |                        in this scope
  = a run measures a suite that passes,
    so there is nothing here to measure
  = see it yourself  cargo test --workspace --no-run

  ERROR   0 killed, 0 survived, 0 unreached   1.9s
  reports/runs/20260101T000000Z-aaaaaa

=== a run that could not proceed — eighty columns, colour

[1;38;5;203mrefused[0m[38;5;244m[[0m[1;38;5;203mNJ5001[38;5;244m][0m[0m: [1;38;5;253mthe workspace does not compile before anything is instrumented[0m
  [38;5;244m-->[0m[38;5;244m [0m[1;38;5;253m]8;;file://src/lib.rssrc/lib.rs:4:5]8;;[0m[38;5;244m[0m
  [38;5;244m|[0m
[38;5;244m4[0m [38;5;244m|[0m     undefined_function();
  [38;5;244m|[0m     [1;38;5;214m^^^^^^^^^^^^^^^^^^[0m cannot find function `undefined_function` in this
  [38;5;244m|[0m                        scope
  [38;5;244m=[0m a run measures a suite that passes, so there is nothing here to measure
  [38;5;244m=[0m see it yourself  [38;5;252mcargo test --workspace --no-run[0m

  [1;38;5;203mERROR[0m   [38;5;244m0 killed, 0 survived, 0 unreached   1.9s[0m
  [38;5;244mreports/runs/20260101T000000Z-aaaaaa[0m

=== a run that could not proceed — eighty columns, unicode

refused[NJ5001]: the workspace does not compile before anything is instrumented
  ╭─[src/lib.rs:4:5]
  │
4 │     undefined_function();
  ·     ▲▲▲▲▲▲▲▲▲▲▲▲▲▲▲▲▲▲ cannot find function `undefined_function` in this
  ·                        scope
  ├─ a run measures a suite that passes, so there is nothing here to measure
  ╰─ see it yourself  cargo test --workspace --no-run

  ✗ ERROR   0 killed, 0 survived, 0 unreached   1.9s
  reports/runs/20260101T000000Z-aaaaaa

=== the rules a run actually applies, on one function — eighty columns, no colour

   --> settle   src/lib.rs:21   7 blind spots
20 | pub fn settle(&mut self, kind: Kind, n: u32) -> Result<u32, Error> {
21 |     let held = self.store.read()?;
   |                                 ^ ? => .unwrap()   ran, not noticed
22 |     self.count += 1;
   |     ^^^^^^^^^^^^^^^^ deleted   ran, not noticed
23 |     log("settling");
   |     ^^^^^^^^^^^^^^^^ deleted   never run
24 |     let total = held.saturating_add(n);
   |                      ^^^^^^^^^^^^^^ saturating_add => wrapping_add   ran,
   |                                     not noticed
25 |     match kind {
26 |         Kind::Whole if total > 0 => Ok(total),
   |                     ^^^^^^^^^^^^^ deleted   ran, not noticed
27 |         Kind::Part => Ok(total / 2),
   |         ^^^^^^^^^^^^^^^^^^^^^^^^^^^^ deleted   never run
28 |         Kind::None => Err(Error::Empty),
   |                       ^^^^^^^^^^^^^^^^^ => Ok(Default::default())   ran,
   |                                         not noticed
29 |     }
30 | }
   = njutest explain src/lib.rs:settle:question-to-unwrap@21

  INSUFFICIENT   24 killed, 6 survived, 1 unreached   1.9s
  7 gaps in 1 file   reports/runs/20260101T000000Z-aaaaaa

=== the rules a run actually applies, on one function — forty columns, no colour

   --> settle   src/lib.rs:21   7 blind spots
20 | pub fn settle(&mut self, kind: Kind, n: u32) -> Result<u32, Error> {
21 |     let held = self.store.read()?;
   |                                 ^ ?
   |                                   =>
   |                                   .unwrap()
   |                                   
   |                                   
   |                                   ran,
   |                                   not
   |                                   noticed
22 |     self.count += 1;
   |     ^^^^^^^^^^^^^^^^ deleted   ran,
   |                      not noticed
23 |     log("settling");
   |     ^^^^^^^^^^^^^^^^ deleted
   |                      never run
24 |     let total = held.saturating_add(n);
   |                      ^^^^^^^^^^^^^^ saturating_add => wrapping_add   ran, not noticed
25 |     match kind {
26 |         Kind::Whole if total > 0 => Ok(total),
   |                     ^^^^^^^^^^^^^ deleted
   |                                   
   |                                   
   |                                   ran,
   |                                   not
   |                                   noticed
27 |         Kind::Part => Ok(total / 2),
   |         ^^^^^^^^^^^^^^^^^^^^^^^^^^^^ deleted   never run
28 |         Kind::None => Err(Error::Empty),
   |                       ^^^^^^^^^^^^^^^^^ => Ok(Default::default())   ran, not noticed
29 |     }
30 | }
   = njutest explain src/lib.rs:settle:question-to-unwrap@21

  INSUFFICIENT   24 killed, 6 survived, 1 unreached   1.9s
  7 gaps in 1 file   reports/runs/20260101T000000Z-aaaaaa

=== the rules a run actually applies, on one function — eighty columns, colour

   [38;5;244m-->[0m [1;38;5;253msettle[0m   [38;5;244m]8;;file://src/lib.rssrc/lib.rs:21]8;;[0m   [1;38;5;214m7 blind spots[0m
[38;5;244m20[0m [38;5;244m|[0m [38;5;176mpub[0m[38;5;250m [0m[38;5;176mfn[0m[38;5;250m [0m[38;5;111msettle[0m[38;5;250m(&[0m[38;5;176mmut[0m[38;5;250m [0m[38;5;176mself[0m[38;5;250m, [0m[38;5;250mkind[0m[38;5;250m: [0m[38;5;79mKind[0m[38;5;250m, [0m[38;5;250mn[0m[38;5;250m: [0m[38;5;250mu32[0m[38;5;250m) -> [0m[38;5;79mResult[0m[38;5;250m<[0m[38;5;250mu32[0m[38;5;250m, [0m[38;5;79mError[0m[38;5;250m> {[0m
[38;5;244m21[0m [38;5;244m|[0m [38;5;250m    [0m[38;5;176mlet[0m[38;5;250m [0m[38;5;250mheld[0m[38;5;250m = [0m[38;5;176mself[0m[38;5;250m.[0m[38;5;250mstore[0m[38;5;250m.[0m[38;5;111mread[0m[38;5;250m()[0m[1;4;38;5;204m?[0m[38;5;250m;[0m
   [38;5;244m|[0m                                 [1;38;5;214m^[0m [38;5;250m?[0m [1;38;5;214m=>[0m [38;5;250m.[0m[38;5;111munwrap[0m[38;5;250m()[0m   [1;38;5;214mran, not noticed[0m
[38;5;244m22[0m [38;5;244m|[0m [38;5;250m    [0m[1;4;38;5;204mself.count += 1;[0m
   [38;5;244m|[0m     [1;38;5;214m^^^^^^^^^^^^^^^^[0m [1;38;5;203mdeleted[0m   [1;38;5;214mran, not noticed[0m
[38;5;244m23[0m [38;5;244m|[0m [38;5;250m    [0m[1;4;38;5;204mlog("settling");[0m
   [38;5;244m|[0m     [1;38;5;214m^^^^^^^^^^^^^^^^[0m [1;38;5;203mdeleted[0m   [1;38;5;203mnever run[0m
[38;5;244m24[0m [38;5;244m|[0m [38;5;250m    [0m[38;5;176mlet[0m[38;5;250m [0m[38;5;250mtotal[0m[38;5;250m = [0m[38;5;250mheld[0m[38;5;250m.[0m[1;4;38;5;204msaturating_add[0m[38;5;250m([0m[38;5;250mn[0m[38;5;250m);[0m
   [38;5;244m|[0m                      [1;38;5;214m^^^^^^^^^^^^^^[0m [38;5;250msaturating_add[0m [1;38;5;214m=>[0m [38;5;250mwrapping_add[0m   [1;38;5;214mran,
   [38;5;244m|[0m                                     not noticed[0m
[38;5;244m25[0m [38;5;244m|[0m [38;5;250m    [0m[38;5;176mmatch[0m[38;5;250m [0m[38;5;250mkind[0m[38;5;250m {[0m
[38;5;244m26[0m [38;5;244m|[0m [38;5;250m        [0m[38;5;79mKind[0m[38;5;250m::[0m[38;5;79mWhole[0m[38;5;250m [0m[1;4;38;5;204mif total > 0 [0m[38;5;250m=> [0m[38;5;111mOk[0m[38;5;250m([0m[38;5;250mtotal[0m[38;5;250m),[0m
   [38;5;244m|[0m                     [1;38;5;214m^^^^^^^^^^^^^[0m [1;38;5;203mdeleted[0m   [1;38;5;214mran, not noticed[0m
[38;5;244m27[0m [38;5;244m|[0m [38;5;250m        [0m[1;4;38;5;204mKind::Part => Ok(total / 2),[0m
   [38;5;244m|[0m         [1;38;5;214m^^^^^^^^^^^^^^^^^^^^^^^^^^^^[0m [1;38;5;203mdeleted[0m   [1;38;5;203mnever run[0m
[38;5;244m28[0m [38;5;244m|[0m [38;5;250m        [0m[38;5;79mKind[0m[38;5;250m::[0m[38;5;79mNone[0m[38;5;250m => [0m[1;4;38;5;204mErr(Error::Empty)[0m[38;5;250m,[0m
   [38;5;244m|[0m                       [1;38;5;214m^^^^^^^^^^^^^^^^^[0m [1;38;5;214m=>[0m [38;5;111mOk[0m[38;5;250m([0m[38;5;79mDefault[0m[38;5;250m::[0m[38;5;111mdefault[0m[38;5;250m())[0m   [1;38;5;214mran,
   [38;5;244m|[0m                                         not noticed[0m
[38;5;244m29[0m [38;5;244m|[0m [38;5;250m    }[0m
[38;5;244m30[0m [38;5;244m|[0m [38;5;250m}[0m
   [38;5;244m=[0m [38;5;252mnjutest explain src/lib.rs:settle:question-to-unwrap@21[0m

  [1;38;5;214mINSUFFICIENT[0m   [38;5;244m24 killed, 6 survived, 1 unreached   1.9s[0m
  [1;38;5;214m7 gaps in 1 file[0m   [38;5;244mreports/runs/20260101T000000Z-aaaaaa[0m

=== the rules a run actually applies, on one function — eighty columns, unicode

   ╭─ settle   src/lib.rs:21   7 blind spots
20 │ pub fn settle(&mut self, kind: Kind, n: u32) -> Result<u32, Error> {
21 │     let held = self.store.read()?;
   ·                                 ▲ ? ⇢ .unwrap()   ran, not noticed
22 │     self.count += 1;
   ·     ▲▲▲▲▲▲▲▲▲▲▲▲▲▲▲▲ deleted   ran, not noticed
23 │     log("settling");
   ·     ▲▲▲▲▲▲▲▲▲▲▲▲▲▲▲▲ deleted   never run
24 │     let total = held.saturating_add(n);
   ·                      ▲▲▲▲▲▲▲▲▲▲▲▲▲▲ saturating_add ⇢ wrapping_add   ran,
   ·                                     not noticed
25 │     match kind {
26 │         Kind::Whole if total > 0 => Ok(total),
   ·                     ▲▲▲▲▲▲▲▲▲▲▲▲▲ deleted   ran, not noticed
27 │         Kind::Part => Ok(total / 2),
   ·         ▲▲▲▲▲▲▲▲▲▲▲▲▲▲▲▲▲▲▲▲▲▲▲▲▲▲▲▲ deleted   never run
28 │         Kind::None => Err(Error::Empty),
   ·                       ▲▲▲▲▲▲▲▲▲▲▲▲▲▲▲▲▲ ⇢ Ok(Default::default())   ran, not
   ·                                         noticed
29 │     }
30 │ }
   ╰─ njutest explain src/lib.rs:settle:question-to-unwrap@21

  ✗ INSUFFICIENT   24 killed, 6 survived, 1 unreached   1.9s
  7 gaps in 1 file   reports/runs/20260101T000000Z-aaaaaa

=== a part of a catalog — eighty columns, no colour

  |PARTIAL   3 killed, 0 survived, 0 unreached   1.9s
  reports/runs/20260101T000000Z-aaaaaa

=== a part of a catalog — forty columns, no colour

  |PARTIAL   3 killed, 0 survived, 0 unreached   1.9s
  reports/runs/20260101T000000Z-aaaaaa

=== a part of a catalog — eighty columns, colour

  [38;5;110m|PARTIAL[0m   [38;5;244m3 killed, 0 survived, 0 unreached   1.9s[0m
  [38;5;244mreports/runs/20260101T000000Z-aaaaaa[0m

=== a part of a catalog — eighty columns, unicode

  ·PARTIAL   3 killed, 0 survived, 0 unreached   1.9s
  reports/runs/20260101T000000Z-aaaaaa

=== a run where the type system caught most of it — eighty columns, no colour

  ASSURED   12 killed, 31 refused by types, 0 survived, 0 unreached   1.9s
  reports/runs/20260101T000000Z-aaaaaa

=== a run where the type system caught most of it — forty columns, no colour

  ASSURED   12 killed, 31 refused by types, 0 survived, 0 unreached   1.9s
  reports/runs/20260101T000000Z-aaaaaa

=== a run where the type system caught most of it — eighty columns, colour

  [1;38;5;114mASSURED[0m   [38;5;244m12 killed, 31 refused by types, 0 survived, 0 unreached   1.9s[0m
  [38;5;244mreports/runs/20260101T000000Z-aaaaaa[0m

=== a run where the type system caught most of it — eighty columns, unicode

  ✓ ASSURED   12 killed, 31 refused by types, 0 survived, 0 unreached   1.9s
  reports/runs/20260101T000000Z-aaaaaa
