Show what a completed run concluded

Usage: njutest report [OPTIONS] [RUN]

Arguments:
  [RUN]
          The run to show. The latest by default

Options:
      --format <FORMAT>
          How to write it

          Possible values:
          - lines: The record stream
          - json:  The canonical document, exactly as the run wrote it
          - spec:  What the seams the run watched observed the system doing, and who holds each
            sentence up
          - human: What a person reads: the source, with every place the tests do not see marked on
            it
          - agent: A briefing for something that will act on this without a screen, as Markdown
          
          [default: lines]

  -h, --help
          Print help (see a summary with '-h')
